kernel/blk_drv/blk_drv.a(ll_rw_blk.o) needed due to _ll_rw_block
kernel/blk_drv/blk_drv.a(floppy.o) needed due to _do_floppy
kernel/blk_drv/blk_drv.a(hd.o) needed due to _do_hd
kernel/blk_drv/blk_drv.a(ramdisk.o) needed due to _rd_load
kernel/chr_drv/chr_drv.a(tty_io.o) needed due to _tty_table
kernel/chr_drv/chr_drv.a(console.o) needed due to _con_write
kernel/chr_drv/chr_drv.a(keyboard.o) needed due to _keyboard_interrupt
kernel/chr_drv/chr_drv.a(serial.o) needed due to _rs_init
kernel/chr_drv/chr_drv.a(rs_io.o) needed due to _rs1_interrupt
kernel/chr_drv/chr_drv.a(tty_ioctl.o) needed due to _tty_ioctl
kernel/math/math.a(math_emulate.o) needed due to _math_emulate
lib/lib.a(ctype.o) needed due to __ctype
lib/lib.a(_exit.o) needed due to __exit
lib/lib.a(open.o) needed due to _open
lib/lib.a(close.o) needed due to _close
lib/lib.a(write.o) needed due to _write
lib/lib.a(dup.o) needed due to _dup
lib/lib.a(setsid.o) needed due to _setsid
lib/lib.a(execve.o) needed due to _execve
lib/lib.a(wait.o) needed due to _wait
lib/lib.a(string.o) needed due to _memcpy
Allocating common _drive_info: 20 at 1dd6c
Allocating common _hash_table: 4cc at 1dd8c
Allocating common __ctmp: 4 at 1e258
Allocating common _user_stack: 1000 at 1e25c
Allocating common _file_table: 400 at 1f25c
Allocating common _rd_start: 4 at 1f65c
Allocating common ____strtok: 4 at 1f660
Allocating common _request: 480 at 1f664
Allocating common _errno: 4 at 1fae4
Allocating common _super_block: 360 at 1fae8

Files:

  boot/head.o text 0(64b8), data 18000(0), bss 1d1e0(0) hex
  init/main.o text 64b8(57c), data 18000(34), bss 1d1e0(400) hex
  kernel/kernel.o text 6a34(3fd0), data 18034(1318), bss 1d5e0(700) hex
  mm/mm.o text aa04(e8c), data 1934c(f08), bss 1dce0(0) hex
  fs/fs.o text b890(543c), data 1a254(758), bss 1dce0(8) hex
  kernel/blk_drv/blk_drv.a(ll_rw_blk.o) text 10ccc(2cc), data 1a9ac(3c), bss 1dce8(0) hex
  kernel/blk_drv/blk_drv.a(floppy.o) text 10f98(1bd4), data 1a9e8(e8), bss 1dce8(7) hex
  kernel/blk_drv/blk_drv.a(hd.o) text 12b6c(1244), data 1aad0(94), bss 1dcef(0) hex
  kernel/blk_drv/blk_drv.a(ramdisk.o) text 13db0(4f8), data 1ab64(4), bss 1dcef(0) hex
  kernel/chr_drv/chr_drv.a(tty_io.o) text 142a8(924), data 1ab68(253c), bss 1dcef(0) hex
  kernel/chr_drv/chr_drv.a(console.o) text 14bcc(141c), data 1d0a4(18), bss 1dcef(7c) hex
  kernel/chr_drv/chr_drv.a(keyboard.o) text 15fe8(7e4), data 1d0bc(0), bss 1dd6b(0) hex
  kernel/chr_drv/chr_drv.a(serial.o) text 167cc(148), data 1d0bc(0), bss 1dd6b(0) hex
  kernel/chr_drv/chr_drv.a(rs_io.o) text 16914(f8), data 1d0bc(0), bss 1dd6b(0) hex
  kernel/chr_drv/chr_drv.a(tty_ioctl.o) text 16a0c(374), data 1d0bc(20), bss 1dd6b(0) hex
  kernel/math/math.a(math_emulate.o) text 16d80(d4), data 1d0dc(0), bss 1dd6b(0) hex
  lib/lib.a(ctype.o) text 16e54(0), data 1d0dc(104), bss 1dd6b(0) hex
  lib/lib.a(_exit.o) text 16e54(10), data 1d1e0(0), bss 1dd6b(0) hex
  lib/lib.a(open.o) text 16e64(28), data 1d1e0(0), bss 1dd6b(0) hex
  lib/lib.a(close.o) text 16e8c(20), data 1d1e0(0), bss 1dd6b(0) hex
  lib/lib.a(write.o) text 16eac(28), data 1d1e0(0), bss 1dd6b(0) hex
  lib/lib.a(dup.o) text 16ed4(20), data 1d1e0(0), bss 1dd6b(0) hex
  lib/lib.a(setsid.o) text 16ef4(18), data 1d1e0(0), bss 1dd6b(0) hex
  lib/lib.a(execve.o) text 16f0c(28), data 1d1e0(0), bss 1dd6b(0) hex
  lib/lib.a(wait.o) text 16f34(54), data 1d1e0(0), bss 1dd6b(0) hex
  lib/lib.a(string.o) text 16f88(340), data 1d1e0(0), bss 1dd6b(0) hex

Global symbols:

  _dup: 0x16ed4
  _nmi: 0x8e28
  _bmap: 0xc3a8
  _iput: 0xc3f8
  _blk_dev_init: 0x10f6c
  _open: 0x16e64
  _do_execve: 0xe458
  _con_init: 0x15d74
  _put_super: 0xd42c
  _sys_setgid: 0x9b84
  _sys_umask: 0x9f84
  _con_write: 0x1500c
  _show_task: 0x6a74
  _buffer_init: 0xd284
  _sys_settimeofday: 0x9f7c
  _sys_getgroups: 0x9f0c
  _tmp_floppy_area: 0x5000
  _get_free_page: 0xaa14
  _schedule: 0x6b8c
  _copy_mem: 0x8f48
  _sys_times: 0x9da4
  _release: 0x9fc8
  _sys_uname: 0x9f1c
  _table_list: 0x1d088
  _sysbeepstop: 0x15f84
  _bounds: 0x8e3d
  _sys_execve: 0x752c
  _keyboard_interrupt: 0x15feb
  _sys_rmdir: 0xfce4
  _vsprintf: 0x970c
  _put_page: 0xae5c
  _getblk: 0xcdcc
  _floppy_init: 0x12ad8
  _sys_sigsuspend: 0xa744
  _floppy_change: 0x11040
  _sys_setgroups: 0x9f14
  _sys_setup: 0x12c28
  _strtok: 0x1718c
  _check_disk_change: 0xcc30
  _stack_start: 0x192a4
  _free_page: 0xaa80
  _sys_pause: 0x6c94
  _create_block: 0xc3c0
  _page_fault: 0xb858
  _drive_info: 0x1dd6c
  _do_tty_interrupt: 0x14bb0
  _strstr: 0x17140
  _truncate: 0x10c28
  _hash_table: 0x1dd8c
  _do_wp_page: 0xafe0
  _strspn: 0x170a4
  _hd_interrupt: 0x7554
  _unexpected_hd_interrupt: 0x13178
  __ctmp: 0x1e258
  _system_call: 0x7418
  _nr_buffers: 0x1a960
  __exit: 0x16e54
  _strcat: 0x16fc4
  __edata: 0x1d1e0
  _strcmp: 0x17014
  _double_fault: 0x8e6e
  _strchr: 0x17064
  _strlen: 0x17174
  _strcpy: 0x16f88
  _last_pid: 0x192e4
  _get_hash_table: 0xcd68
  _blk_dev: 0x1a9b0
  _rs2_interrupt: 0x1691c
  _timer_interrupt: 0x74f4
  _setup_rw_floppy: 0x11460
  _sys_call_table: 0x18034
  _math_error: 0x16e3c
  _rd_load: 0x140f4
  _find_empty_process: 0x93d4
  _tty_write: 0x149e0
  _pg_dir: 0x0
  _open_namei: 0xf4fc
  _rs1_interrupt: 0x16914
  _last_task_used_math: 0x191a0
  _copy_process: 0x9024
  _sys_getrlimit: 0x9f5c
  _rd_length: 0x1ab64
  _parallel_interrupt: 0x75c6
  _do_timer: 0x70a4
  _rd_init: 0x13fe0
  _ll_rw_block: 0x10f2c
  _printk: 0x94a4
  _invalidate_buffers: 0xcbac
  _floppy_interrupt: 0x7590
  _unexpected_floppy_interrupt: 0x12408
  _new_inode: 0x107bc
  _floppy_deselect: 0x1100c
  __etext: 0x18000
  _tty_read: 0x1474c
  _sys_sgetmask: 0xa710
  __ctype: 0x1d0dc
  _strrchr: 0x17084
  _sys_getpid: 0x7228
  _sys_chroot: 0xb9e8
  _do_double_fault: 0x7660
  _strpbrk: 0x1710c
  _tty_init: 0x142a8
  _file_write: 0xdec8
  _sys_setrlimit: 0x9f64
  _sys_getuid: 0x7240
  _current: 0x1919c
  _jiffies: 0x19194
  _divide_error: 0x8dec
  _get_super: 0xd394
  _do_signal: 0xa888
  _file_read: 0xddac
  _tty_table: 0x1ab68
  _sys_mpx: 0x9c08
  _strncpy: 0x16fa0
  _sys_access: 0xb8f8
  _chr_dev_init: 0x14bc8
  _start_buffer: 0x1a958
  _user_stack: 0x1e25c
  _tty_intr: 0x142b4
  _write_verify: 0xb0c4
  _coprocessor_error: 0x7494
  _do_coprocessor_error: 0x88f8
  _sys_dup: 0x109e4
  _strncat: 0x16fe8
  _get_empty_inode: 0xc52c
  _sys_brk: 0x9df0
  _do_general_protection: 0x77c0
  _general_protection: 0x8eba
  _strncmp: 0x17038
  _sys_getgid: 0x7260
  _overflow: 0x8e36
  _strcspn: 0x170d8
  _setsid: 0x16ef4
  _sync_dev: 0xca9c
  _do_int3: 0x7af4
  _new_block: 0x10468
  _rs_write: 0x168ec
  _file_table: 0x1f25c
  _read_pipe: 0xec0c
  _tty_ioctl: 0x16a20
  _sys_readlink: 0xe108
  _sys_getrusage: 0x9f6c
  _sys_sigaction: 0xa7b8
  _do_divide_error: 0x7918
  _sys_kill: 0xa010
  _memmove: 0x17224
  _sys_lock: 0x9c00
  _sys_link: 0x100c4
  _wait_on_floppy_select: 0x1aacc
  _sys_nice: 0x7280
  _sys_gtty: 0x9ae4
  _do_exit: 0xa29c
  _sys_sigpending: 0xa73c
  _kernel_mktime: 0xa984
  _wait_for_keypress: 0x142f0
  _sys_symlink: 0x100bc
  _sys_exit: 0xa528
  _current_DOR: 0x192dc
  _sleep_on: 0x6cc0
  _sys_open: 0xbb10
  _device_not_available: 0x74b8
  _do_device_not_available: 0x821c
  _sys_fork: 0x753c
  _invalid_TSS: 0x8ea5
  _rd_start: 0x1f65c
  _sys_acct: 0x9bf0
  _sys_ssetmask: 0xa71c
  _do_debug: 0x7cb8
  _block_read: 0xdb34
  _sys_dup2: 0x109c4
  __end: 0x1fe48
  _sys_stty: 0x9adc
  _do_invalid_TSS: 0x84dc
  _do_no_page: 0xb498
  _sys_getpgrp: 0x9eac
  _sys_sync: 0xca34
  _sys_prof: 0x9af4
  _write: 0x16eac
  _reserved: 0x8e52
  _sys_stat: 0xe080
  _wait_for_request: 0x1a9ac
  _mount_root: 0xd8ec
  _write_pipe: 0xecec
  _sys_getppid: 0x7234
  _do_rd_request: 0x13e50
  _sys_mkdir: 0xf8cc
  _startup_time: 0x19198
  _memset: 0x172ac
  _sys_setreuid: 0x9c50
  _sys_creat: 0xbcdc
  _verify_area: 0x8ec4
  _sys_time: 0x9c18
  _sys_mknod: 0xf748
  _sys_break: 0x9acc
  _sys_pipe: 0xede4
  _sys_phys: 0x9bf8
  _sys_read: 0xbe3c
  _do_nmi: 0x7b64
  _do_hd_request: 0x136c4
  _sys_fstat: 0xe0cc
  _memcpy: 0x1720c
  _sys_ioctl: 0x10ad0
  _sys_getegid: 0x7270
  _sys_ptrace: 0x9ad4
  _do_overflow: 0x7e0c
  _free_page_tables: 0xab20
  _sys_setregid: 0x9afc
  _NR_syscalls: 0x18190
  ____strtok: 0x1f660
  _math_emulate: 0x16dd0
  _beepcount: 0x1d0b8
  _do_coprocessor_segment_overrun: 0x8384
  _coprocessor_segment_overrun: 0x8e4b
  _memchr: 0x17280
  _floppy_off: 0x6f44
  _do_fd_request: 0x12718
  _block_write: 0xda44
  _memcmp: 0x1725c
  _rw_char: 0xdd68
  _ROOT_DEV: 0x1a964
  _sys_mount: 0xd7b0
  _do_floppy_timer: 0x6f54
  _request: 0x1f664
  _wake_up: 0x6d70
  _sys_ftime: 0x9ac4
  _copy_to_cooked: 0x14334
  _waitpid: 0x16f34
  _free_block: 0x102e4
  _inode_table: 0x1a254
  _get_empty_page: 0xb1bc
  _sys_uselib: 0xe110
  _sys_geteuid: 0x7250
  _math_state_restore: 0x6b30
  _breada: 0xd1dc
  _panic: 0x9468
  _do_bounds: 0x7f60
  _do_floppy: 0x1a9e8
  _sys_lstat: 0xe0b8
  _un_wp_page: 0xaf24
  _brelse: 0xd010
  _sys_rename: 0x9aec
  _etext: 0x18000
  _execve: 0x16f0c
  _sys_setpgid: 0x9e24
  _invalid_op: 0x8e44
  _selected: 0x1aacb
  _do_stack_segment: 0x8798
  _stack_segment: 0x8eb3
  _do_hd: 0x1aad0
  _copy_page_tables: 0xacb8
  _sys_umount: 0xd6c8
  _sys_lseek: 0xbd7c
  _sys_select: 0x10cc4
  _sys_close: 0xbd0c
  _invalidate_inodes: 0xc074
  _namei: 0xf43c
  _sys_waitpid: 0xa540
  _sys_alarm: 0x71d4
  _sys_chmod: 0xba44
  _do_invalid_op: 0x80bc
  _free_inode: 0x10690
  _sys_chdir: 0xb98c
  _sys_fcntl: 0x109f4
  _trap_init: 0x8bbc
  _sys_chown: 0xbab8
  _task: 0x191a4
  _interruptible_sleep_on: 0x6d08
  _csi_m: 0x14ddc
  _get_pipe_inode: 0xc640
  _do_segment_not_present: 0x863c
  _segment_not_present: 0x8eac
  _ticks_to_floppy_on: 0x6d9c
  _wait: 0x16f5c
  _calc_mem: 0xb7d4
  _sys_unlink: 0xff1c
  _hd_info: 0x1aadc
  _sys_ustat: 0xb890
  _hd_init: 0x13d50
  _errno: 0x1fae4
  _sys_ulimit: 0x9c10
  _sys_sethostname: 0x9f54
  _bread: 0xd080
  _do_reserved: 0x8a70
  _rs_init: 0x167cc
  _mem_init: 0xb758
  _sys_gettimeofday: 0x9f74
  _irq13: 0x8e59
  _sys_stime: 0x9d60
  _floppy_on: 0x6e40
  _iget: 0xc6b0
  _sys_signal: 0xa74c
  _main: 0x664c
  _bread_page: 0xd0ec
  _init: 0x6884
  _add_timer: 0x6ff8
  _sys_setsid: 0x9eb8
  _debug: 0x8e21
  _close: 0x16e8c
  _sys_setuid: 0x9cf4
  _sys_utime: 0xb898
  _show_stat: 0x6ac0
  _edata: 0x1d1e0
  _sched_init: 0x72bc
  _end: 0x1fe48
  _gdt: 0x5cb8
  _super_block: 0x1fae8
  _sync_inodes: 0xc0f8
  _idt: 0x54b8
  _sys_write: 0xbf6c
  _int3: 0x8e2f

Local symbols of boot/head.o:

  startup_32: 0x0
  setup_idt: 0x6f
  setup_gdt: 0x9f
  check_x87: 0x5a
  after_page_tables: 0x5400
  ignore_int: 0x5428
  rp_sidt: 0x8c
  idt_descr: 0x54aa
  gdt_descr: 0x54b2
  pg0: 0x1000
  pg1: 0x2000
  pg2: 0x3000
  pg3: 0x4000
  setup_paging: 0x5450
  int_msg: 0x5414

Local symbols of init/main.o:

  gcc_compiled.: 0x64b8
  _time_init: 0x64b8
  _memory_end: 0x18000
  _buffer_memory_end: 0x18004
  _main_memory_start: 0x18008
  _printf: 0x67b0
  _printbuf: 0x1d1e0
  _argv_rc: 0x1800c
  _envp_rc: 0x18014
  _argv: 0x18020
  _envp: 0x18028

Local symbols of kernel/kernel.o:

  sched.o: 0x6a34
  gcc_compiled.: 0x6a34
  _init_task: 0x18194
  _wait_motor: 0x192ac
  _mon_timer: 0x192bc
  _moff_timer: 0x192cc
  _next_timer: 0x192e0
  _timer_list: 0x1d5e0
  system_call.o: 0x7404
  SIG_CHLD: 0x11
  EAX: 0x0
  EBX: 0x4
  ECX: 0x8
  EDX: 0xc
  FS: 0x10
  ES: 0x14
  DS: 0x18
  EIP: 0x1c
  CS: 0x20
  EFLAGS: 0x24
  OLDESP: 0x28
  OLDSS: 0x2c
  state: 0x0
  counter: 0x4
  priority: 0x8
  signal: 0xc
  sigaction: 0x10
  blocked: 0x210
  sa_handler: 0x0
  sa_mask: 0x4
  sa_flags: 0x8
  sa_restorer: 0xc
  nr_system_calls: 0x56
  bad_sys_call: 0x7404
  reschedule: 0x740c
  ret_from_sys_call: 0x744d
  traps.o: 0x75d0
  gcc_compiled.: 0x75d0
  asm.o: 0x8dec
  no_error_code: 0x8df1
  error_code: 0x8e73
  fork.o: 0x8ec4
  gcc_compiled.: 0x8ec4
  panic.o: 0x9434
  gcc_compiled.: 0x9434
  printk.o: 0x94a4
  gcc_compiled.: 0x94a4
  _buf: 0x1d8e0
  vsprintf.o: 0x94dc
  gcc_compiled.: 0x94dc
  _number: 0x9528
  sys.o: 0x9ac4
  gcc_compiled.: 0x9ac4
  _thisname.0: 0x192e8
  exit.o: 0x9fa4
  gcc_compiled.: 0x9fa4
  signal.o: 0xa710
  gcc_compiled.: 0xa710
  mktime.o: 0xa984
  gcc_compiled.: 0xa984
  _month: 0x19318

Local symbols of mm/mm.o:

  memory.o: 0xaa04
  gcc_compiled.: 0xaa04
  _HIGH_MEMORY: 0x1934c
  _mem_map: 0x19350
  _try_to_share: 0xb350
  page.o: 0xb858

Local symbols of fs/fs.o:

  open.o: 0xb890
  gcc_compiled.: 0xb890
  read_write.o: 0xbd7c
  gcc_compiled.: 0xbd7c
  inode.o: 0xc054
  gcc_compiled.: 0xc054
  _write_inode: 0xc92c
  __bmap: 0xc174
  _last_inode.0: 0x1a954
  _read_inode: 0xc81c
  file_table.o: 0xca34
  gcc_compiled.: 0xca34
  buffer.o: 0xca34
  gcc_compiled.: 0xca34
  _buffer_wait: 0x1a95c
  _find_buffer: 0xcd28
  _free_list: 0x1dce0
  super.o: 0xd330
  gcc_compiled.: 0xd330
  _lock_super: 0xd330
  _free_super: 0xd358
  _wait_on_super: 0xd370
  _read_super: 0xd4b8
  block_dev.o: 0xda44
  gcc_compiled.: 0xda44
  char_dev.o: 0xdc00
  gcc_compiled.: 0xdc00
  _rw_ttyx: 0xdc00
  _rw_tty: 0xdc2c
  _rw_ram: 0xdc68
  _rw_mem: 0xdc70
  _rw_kmem: 0xdc78
  _rw_port: 0xdc80
  _rw_memory: 0xdcdc
  _crw_table: 0x1a968
  file_dev.o: 0xddac
  gcc_compiled.: 0xddac
  stat.o: 0xe004
  gcc_compiled.: 0xe004
  _cp_stat: 0xe004
  exec.o: 0xe110
  gcc_compiled.: 0xe110
  _create_tables: 0xe118
  _count: 0xe1c8
  _copy_strings: 0xe1f8
  _change_ldt: 0xe32c
  pipe.o: 0xec0c
  gcc_compiled.: 0xec0c
  namei.o: 0xef28
  gcc_compiled.: 0xef28
  _permission: 0xef28
  _match: 0xef9c
  _find_entry: 0xefec
  _add_entry: 0xf15c
  _get_dir: 0xf2b4
  _dir_namei: 0xf3f8
  _empty_dir: 0xfb6c
  bitmap.o: 0x10238
  gcc_compiled.: 0x10238
  fcntl.o: 0x1093c
  gcc_compiled.: 0x1093c
  _dupfd: 0x1093c
  ioctl.o: 0x10ad0
  gcc_compiled.: 0x10ad0
  _ioctl_table: 0x1a988
  truncate.o: 0x10b60
  gcc_compiled.: 0x10b60
  _free_ind: 0x10b60
  _free_dind: 0x10bc4
  select.o: 0x10cc4
  gcc_compiled.: 0x10cc4

Local symbols of kernel/blk_drv/blk_drv.a(ll_rw_blk.o):

  gcc_compiled.: 0x10ccc
  _make_request: 0x10d18

Local symbols of kernel/blk_drv/blk_drv.a(floppy.o):

  gcc_compiled.: 0x10f98
  _recalibrate: 0x1a9ec
  _reset: 0x1a9f0
  _seek: 0x1a9f4
  _floppy_type: 0x1a9f8
  _cur_spec1: 0x1aab8
  _cur_rate: 0x1aabc
  _floppy: 0x1aac0
  _current_drive: 0x1aac4
  _sector: 0x1aac5
  _head: 0x1aac6
  _track: 0x1aac7
  _seek_track: 0x1aac8
  _current_track: 0x1aac9
  _command: 0x1aaca
  _bad_flp_intr: 0x110d8
  _rw_interrupt: 0x11210
  _reply_buffer: 0x1dce8
  _seek_interrupt: 0x117f8
  _transfer: 0x11ca4
  _recal_interrupt: 0x12300
  _reset_interrupt: 0x12504
  _floppy_on_interrupt: 0x12b1c

Local symbols of kernel/blk_drv/blk_drv.a(hd.o):

  gcc_compiled.: 0x12b6c
  _recalibrate: 0x1aad4
  _reset: 0x1aad8
  _NR_HD: 0x1ab0c
  _hd: 0x1ab10
  _callable.0: 0x1ab60
  _reset_hd: 0x12f94
  _recal_intr: 0x13574
  _read_intr: 0x13188
  _write_intr: 0x13390

Local symbols of kernel/blk_drv/blk_drv.a(ramdisk.o):

  gcc_compiled.: 0x13db0

Local symbols of kernel/chr_drv/chr_drv.a(tty_io.o):

  gcc_compiled.: 0x142a8
  _cr_flag.0: 0x1d0a0

Local symbols of kernel/chr_drv/chr_drv.a(console.o):

  gcc_compiled.: 0x14bcc
  _state: 0x1d0a4
  _ques: 0x1d0a8
  _attr: 0x1d0ac
  _scrup: 0x14bcc
  _video_type: 0x1dd6a
  _top: 0x1dd37
  _video_num_lines: 0x1dd5e
  _bottom: 0x1dd33
  _video_size_row: 0x1dd62
  _origin: 0x1dd4b
  _pos: 0x1dd43
  _scr_end: 0x1dd47
  _video_mem_end: 0x1dd55
  _video_num_columns: 0x1dd66
  _video_erase_char: 0x1dd4f
  _video_mem_start: 0x1dd59
  _video_port_reg: 0x1dd53
  _video_port_val: 0x1dd51
  _npar: 0x1dd2f
  _par: 0x1dcef
  _csi_L: 0x14eac
  _y: 0x1dd3b
  _saved_x: 0x1d0b0
  _saved_y: 0x1d0b4
  _x: 0x1dd3f
  _sysbeep: 0x15f98
  _video_page: 0x1dd5d

Local symbols of kernel/chr_drv/chr_drv.a(keyboard.o):

  size: 0x400
  head: 0x4
  tail: 0x8
  proc_list: 0xc
  buf: 0x10
  mode: 0x15fe8
  leds: 0x15fe9
  e0: 0x15fea
  set_e0: 0x1603f
  set_e1: 0x16048
  key_table: 0x163ae
  e0_e1: 0x16014
  put_queue: 0x16051
  ctrl: 0x1608a
  alt: 0x1608e
  unctrl: 0x160a2
  unalt: 0x160a6
  lshift: 0x160bc
  unlshift: 0x160c4
  rshift: 0x160cc
  unrshift: 0x160d4
  caps: 0x160dc
  set_leds: 0x160fe
  kb_wait: 0x167ae
  uncaps: 0x16115
  scroll: 0x1611d
  num: 0x16126
  cursor: 0x1612f
  cur2: 0x1614f
  reboot: 0x167b7
  cur: 0x16178
  num_table: 0x16192
  cur_table: 0x1619f
  ok_cur: 0x16184
  func: 0x161ac
  end_func: 0x161dc
  ok_func: 0x161c9
  func_table: 0x161dd
  key_map: 0x1620d
  shift_map: 0x1626e
  alt_map: 0x162cf
  do_self: 0x16330
  none: 0x16398
  minus: 0x16399
  die: 0x167c9

Local symbols of kernel/chr_drv/chr_drv.a(serial.o):

  gcc_compiled.: 0x167cc

Local symbols of kernel/chr_drv/chr_drv.a(rs_io.o):

  size: 0x400
  rs_addr: 0x0
  head: 0x4
  tail: 0x8
  proc_list: 0xc
  buf: 0x10
  startup: 0x100
  rs_int: 0x16921
  rep_int: 0x16939
  end: 0x16956
  jmp_table: 0x16964
  modem_status: 0x16974
  write_char: 0x169b4
  read_char: 0x16984
  line_status: 0x1697c
  write_buffer_empty: 0x169f4

Local symbols of kernel/chr_drv/chr_drv.a(tty_ioctl.o):

  gcc_compiled.: 0x16a0c
  _quotient: 0x1d0bc

Local symbols of kernel/math/math.a(math_emulate.o):

  gcc_compiled.: 0x16d80

Local symbols of lib/lib.a(ctype.o):

  gcc_compiled.: 0x16e54

Local symbols of lib/lib.a(_exit.o):

  gcc_compiled.: 0x16e54

Local symbols of lib/lib.a(open.o):

  gcc_compiled.: 0x16e64

Local symbols of lib/lib.a(close.o):

  gcc_compiled.: 0x16e8c

Local symbols of lib/lib.a(write.o):

  gcc_compiled.: 0x16eac

Local symbols of lib/lib.a(dup.o):

  gcc_compiled.: 0x16ed4

Local symbols of lib/lib.a(setsid.o):

  gcc_compiled.: 0x16ef4

Local symbols of lib/lib.a(execve.o):

  gcc_compiled.: 0x16f0c

Local symbols of lib/lib.a(wait.o):

  gcc_compiled.: 0x16f34

Local symbols of lib/lib.a(string.o):

  gcc_compiled.: 0x16f88
